
> vite-react-typescript-starter@0.0.0 build
> vite build

[36mvite v5.4.8 [32mbuilding for production...[36m[39m
transforming...
cmd : Browserslist: caniuse-lite is outdated. Please run:
At line:1 char:1
+ cmd /c "npm run build" 2>&1 | Out-File -Encoding utf8 C:\Users\kalaf\ ...
+ ~~~~~~~~~~~~~~~~~~~~~~~~~~~
    + CategoryInfo          : NotSpecified: (Browserslist: c...ed. Please run::String) [], RemoteException
    + FullyQualifiedErrorId : NativeCommandError
 
  npx update-browserslist-db@latest
  Why you should do it regularly: https://github.com/browserslist/update-db#readme
[32mέεΥ[39m 1662 modules transformed.
[1m[33m[plugin:vite:reporter][39m[22m [33m[plugin vite:reporter] 
(!) C:/Users/kalaf/powerfor-energy-crm/src/lib/storage.ts is dynamically imported by 
C:/Users/kalaf/powerfor-energy-crm/src/pages/LandingPage.tsx but also statically imported by 
C:/Users/kalaf/powerfor-energy-crm/src/components/LeadDetailSlideout.tsx, dynamic import will not move module into 
another chunk.
[39m
rendering chunks...
computing gzip size...
[2mdist/[22m[32mindex.html                 [39m[1m[2m  0.91 kB[22m[1m[22m[2m έΦΓ gzip:   0.50 kB[22m
[2mdist/[22m[35massets/index-B_Zk5Lvq.css  [39m[1m[2m108.48 kB[22m[1m[22m[2m έΦΓ gzip:  19.02 kB[22m
[2mdist/[22m[36massets/index-CM9snZhj.js   [39m[1m[33m698.30 kB[39m[22m[2m έΦΓ gzip: 186.33 kB[22m
[33m
(!) Some chunks are larger than 500 kB after minification. Consider:
- Using dynamic import() to code-split the application
- Use build.rollupOptions.output.manualChunks to improve chunking: 
https://rollupjs.org/configuration-options/#output-manualchunks
- Adjust chunk size limit for this warning via build.chunkSizeWarningLimit.[39m
[32mέεΥ built in 4.74s[39m
